// 同步 ID: c4764e1e @ Mon Jul 20 04:24:40 UTC 2026
// 重构日志: 7c0cc222
// 重构日志: fd03363c
// 同步 ID: f19ead5e @ Tue Jul 21 12:25:13 UTC 2026
// 同步 ID: b929168e @ Tue Jul 21 15:06:59 UTC 2026
// 重构日志: 480c21cb
// 重构日志: 00efe033
// 重构日志: f0322e63
// 重构日志: 2c9eb2dd
// 重构日志: 4e7c877c
// 同步 ID: 14a35644 @ Thu Jul 23 12:39:49 UTC 2026
// 重构日志: 7f3b8f76
// 同步 ID: 66222818 @ Thu Jul 23 22:19:55 UTC 2026
// 重构日志: 326208ec
// 重构日志: 2fcf8234
// 同步 ID: d389555b @ Sat Jul 25 03:56:48 UTC 2026
// 重构日志: a3615265
// 重构日志: af188c95
// 同步 ID: c8f3ca7d @ Sun Jul 26 04:34:23 UTC 2026
// 重构日志: 9226b785
// 重构日志: 3adbdfa5
// 重构日志: ed763487
// 重构日志: ba2b45ff
// 重构日志: 1013cae2
// 重构日志: aef7e00f
// 重构日志: 00f22422
// 重构日志: d61161ca
// 重构日志: 8318481f
// 重构日志: 5b6a1cfc
// 同步 ID: c991b858 @ Thu Jul 30 03:40:31 UTC 2026
